scanpy (auto, tuned) on embryo_1m_counts.h5ad
  pp.calculate_qc_metrics          0.673 s  +       0 MB  (50000, 45676)
  pp.filter_cells                  0.137 s  +     222 MB  (47631, 45676)
  pp.filter_genes                  0.244 s  +     219 MB  (47631, 27325)
  pp.normalize_total               1.108 s  +      32 MB  (47631, 27325)
  pp.log1p                         0.059 s  +       0 MB  (47631, 27325)
  pp.highly_variable_genes         0.822 s  +      20 MB  (47631, 27325)
  subset                           0.108 s  +     228 MB  (47631, 2000)
/Library/Frameworks/Python.framework/Versions/3.12/lib/python3.12/functools.py:907: UserWarning: zero-centering a sparse array/matrix densifies it.
  return dispatch(args[0].__class__)(*args, **kw)
  pp.scale                         0.185 s  +    1063 MB  (47631, 2000)
  pp.pca                           1.629 s  +     762 MB  (47631, 2000)
  pp.neighbors                    16.011 s  +     309 MB  (47631, 2000)
  tl.umap                         19.022 s  +      22 MB  (47631, 2000)
  tl.leiden                        0.961 s  +     138 MB  (47631, 2000)
/Users/mac/Downloads/mRustSC_work/mRustSC/.venv/lib/python3.12/site-packages/scanpy/tools/_rank_genes_groups.py:633: RuntimeWarning: invalid value encountered in log2
  self.stats[group_name, "logfoldchanges"] = np.log2(
/Users/mac/Downloads/mRustSC_work/mRustSC/.venv/lib/python3.12/site-packages/scanpy/tools/_rank_genes_groups.py:609: PerformanceWarning: DataFrame is highly fragmented.  This is usually the result of calling `frame.insert` many times, which has poor performance.  Consider joining all columns at once using pd.concat(axis=1) instead. To get a de-fragmented frame, use `newframe = frame.copy()`
  self.stats[group_name, "scores"] = scores[global_indices]
/Users/mac/Downloads/mRustSC_work/mRustSC/.venv/lib/python3.12/site-packages/scanpy/tools/_rank_genes_groups.py:612: PerformanceWarning: DataFrame is highly fragmented.  This is usually the result of calling `frame.insert` many times, which has poor performance.  Consider joining all columns at once using pd.concat(axis=1) instead. To get a de-fragmented frame, use `newframe = frame.copy()`
  self.stats[group_name, "pvals"] = pvals[global_indices]
/Users/mac/Downloads/mRustSC_work/mRustSC/.venv/lib/python3.12/site-packages/scanpy/tools/_rank_genes_groups.py:622: PerformanceWarning: DataFrame is highly fragmented.  This is usually the result of calling `frame.insert` many times, which has poor performance.  Consider joining all columns at once using pd.concat(axis=1) instead. To get a de-fragmented frame, use `newframe = frame.copy()`
  self.stats[group_name, "pvals_adj"] = pvals_adj[global_indices]
/Users/mac/Downloads/mRustSC_work/mRustSC/.venv/lib/python3.12/site-packages/scanpy/tools/_rank_genes_groups.py:633: PerformanceWarning: DataFrame is highly fragmented.  This is usually the result of calling `frame.insert` many times, which has poor performance.  Consider joining all columns at once using pd.concat(axis=1) instead. To get a de-fragmented frame, use `newframe = frame.copy()`
  self.stats[group_name, "logfoldchanges"] = np.log2(
/Users/mac/Downloads/mRustSC_work/mRustSC/.venv/lib/python3.12/site-packages/scanpy/tools/_rank_genes_groups.py:607: PerformanceWarning: DataFrame is highly fragmented.  This is usually the result of calling `frame.insert` many times, which has poor performance.  Consider joining all columns at once using pd.concat(axis=1) instead. To get a de-fragmented frame, use `newframe = frame.copy()`
  self.stats[group_name, "names"] = self.var_names[global_indices]
  tl.rank_genes_groups             3.772 s  +      43 MB  (47631, 2000)
/Users/mac/Downloads/mRustSC_work/mRustSC/benches/pipeline.py:202: FutureWarning: `__version__` is deprecated, use `importlib.metadata.version('scanpy')` instead
  out[name] = __import__(name).__version__
/Users/mac/Downloads/mRustSC_work/mRustSC/benches/pipeline.py:202: FutureWarning: `__version__` is deprecated, use `importlib.metadata.version('anndata')` instead.
  out[name] = __import__(name).__version__
  total                           44.730 s   (30 Leiden clusters)
