scanpy (auto, tuned) on embryo_1m_counts.h5ad
  pp.calculate_qc_metrics          1.969 s  +       7 MB  (250000, 45676)
  pp.filter_cells                  0.651 s  +    2375 MB  (237994, 45676)
  pp.filter_genes                  1.302 s  +    2155 MB  (237994, 32395)
  pp.normalize_total               1.236 s  +    1114 MB  (237994, 32395)
  pp.log1p                         0.306 s  +       0 MB  (237994, 32395)
  pp.highly_variable_genes         1.326 s  +    2191 MB  (237994, 32395)
  subset                           0.623 s  +    3340 MB  (237994, 2000)
/Library/Frameworks/Python.framework/Versions/3.12/lib/python3.12/functools.py:907: UserWarning: zero-centering a sparse array/matrix densifies it.
  return dispatch(args[0].__class__)(*args, **kw)
  pp.scale                         2.402 s  +    5452 MB  (237994, 2000)
  pp.pca                          11.384 s  +    4737 MB  (237994, 2000)
  pp.neighbors                    23.804 s  +       6 MB  (237994, 2000)
  tl.umap                        107.836 s  +     901 MB  (237994, 2000)
  tl.leiden                        5.709 s  +     743 MB  (237994, 2000)
/Users/mac/Downloads/metalcyte_work/metalcyte/.venv/lib/python3.12/site-packages/scanpy/tools/_rank_genes_groups.py:633: RuntimeWarning: invalid value encountered in log2
  self.stats[group_name, "logfoldchanges"] = np.log2(
/Users/mac/Downloads/metalcyte_work/metalcyte/.venv/lib/python3.12/site-packages/scanpy/tools/_rank_genes_groups.py:609: PerformanceWarning: DataFrame is highly fragmented.  This is usually the result of calling `frame.insert` many times, which has poor performance.  Consider joining all columns at once using pd.concat(axis=1) instead. To get a de-fragmented frame, use `newframe = frame.copy()`
  self.stats[group_name, "scores"] = scores[global_indices]
/Users/mac/Downloads/metalcyte_work/metalcyte/.venv/lib/python3.12/site-packages/scanpy/tools/_rank_genes_groups.py:612: PerformanceWarning: DataFrame is highly fragmented.  This is usually the result of calling `frame.insert` many times, which has poor performance.  Consider joining all columns at once using pd.concat(axis=1) instead. To get a de-fragmented frame, use `newframe = frame.copy()`
  self.stats[group_name, "pvals"] = pvals[global_indices]
/Users/mac/Downloads/metalcyte_work/metalcyte/.venv/lib/python3.12/site-packages/scanpy/tools/_rank_genes_groups.py:622: PerformanceWarning: DataFrame is highly fragmented.  This is usually the result of calling `frame.insert` many times, which has poor performance.  Consider joining all columns at once using pd.concat(axis=1) instead. To get a de-fragmented frame, use `newframe = frame.copy()`
  self.stats[group_name, "pvals_adj"] = pvals_adj[global_indices]
/Users/mac/Downloads/metalcyte_work/metalcyte/.venv/lib/python3.12/site-packages/scanpy/tools/_rank_genes_groups.py:633: PerformanceWarning: DataFrame is highly fragmented.  This is usually the result of calling `frame.insert` many times, which has poor performance.  Consider joining all columns at once using pd.concat(axis=1) instead. To get a de-fragmented frame, use `newframe = frame.copy()`
  self.stats[group_name, "logfoldchanges"] = np.log2(
/Users/mac/Downloads/metalcyte_work/metalcyte/.venv/lib/python3.12/site-packages/scanpy/tools/_rank_genes_groups.py:607: PerformanceWarning: DataFrame is highly fragmented.  This is usually the result of calling `frame.insert` many times, which has poor performance.  Consider joining all columns at once using pd.concat(axis=1) instead. To get a de-fragmented frame, use `newframe = frame.copy()`
  self.stats[group_name, "names"] = self.var_names[global_indices]
  tl.rank_genes_groups            18.446 s  +     454 MB  (237994, 2000)
/Users/mac/Downloads/metalcyte_work/metalcyte/benches/pipeline.py:202: FutureWarning: `__version__` is deprecated, use `importlib.metadata.version('scanpy')` instead
  out[name] = __import__(name).__version__
/Users/mac/Downloads/metalcyte_work/metalcyte/benches/pipeline.py:202: FutureWarning: `__version__` is deprecated, use `importlib.metadata.version('anndata')` instead.
  out[name] = __import__(name).__version__
  total                          176.994 s   (35 Leiden clusters)
