scanpy (auto, tuned) on embryo_1m_counts.h5ad
  pp.calculate_qc_metrics          3.394 s  +       2 MB  (500000, 45676)
  pp.filter_cells                  1.417 s  +    4756 MB  (476030, 45676)
  pp.filter_genes                  2.740 s  +    4385 MB  (476030, 34541)
  pp.normalize_total               1.414 s  +    2227 MB  (476030, 34541)
  pp.log1p                         0.620 s  +       0 MB  (476030, 34541)
  pp.highly_variable_genes         1.945 s  +    4392 MB  (476030, 34541)
  subset                           1.516 s  +    6683 MB  (476030, 2000)
/Library/Frameworks/Python.framework/Versions/3.12/lib/python3.12/functools.py:907: UserWarning: zero-centering a sparse array/matrix densifies it.
  return dispatch(args[0].__class__)(*args, **kw)
  pp.scale                         5.201 s  +   10912 MB  (476030, 2000)
  pp.pca                          51.984 s  +    9467 MB  (476030, 2000)
  pp.neighbors                    34.243 s  +      10 MB  (476030, 2000)
  tl.umap                        216.015 s  +    2986 MB  (476030, 2000)
  tl.leiden                       12.410 s  +    1608 MB  (476030, 2000)
/Users/mac/Downloads/mRustSC_work/mRustSC/.venv/lib/python3.12/site-packages/scanpy/tools/_rank_genes_groups.py:633: RuntimeWarning: invalid value encountered in log2
  self.stats[group_name, "logfoldchanges"] = np.log2(
/Users/mac/Downloads/mRustSC_work/mRustSC/.venv/lib/python3.12/site-packages/scanpy/tools/_rank_genes_groups.py:609: PerformanceWarning: DataFrame is highly fragmented.  This is usually the result of calling `frame.insert` many times, which has poor performance.  Consider joining all columns at once using pd.concat(axis=1) instead. To get a de-fragmented frame, use `newframe = frame.copy()`
  self.stats[group_name, "scores"] = scores[global_indices]
/Users/mac/Downloads/mRustSC_work/mRustSC/.venv/lib/python3.12/site-packages/scanpy/tools/_rank_genes_groups.py:612: PerformanceWarning: DataFrame is highly fragmented.  This is usually the result of calling `frame.insert` many times, which has poor performance.  Consider joining all columns at once using pd.concat(axis=1) instead. To get a de-fragmented frame, use `newframe = frame.copy()`
  self.stats[group_name, "pvals"] = pvals[global_indices]
/Users/mac/Downloads/mRustSC_work/mRustSC/.venv/lib/python3.12/site-packages/scanpy/tools/_rank_genes_groups.py:622: PerformanceWarning: DataFrame is highly fragmented.  This is usually the result of calling `frame.insert` many times, which has poor performance.  Consider joining all columns at once using pd.concat(axis=1) instead. To get a de-fragmented frame, use `newframe = frame.copy()`
  self.stats[group_name, "pvals_adj"] = pvals_adj[global_indices]
/Users/mac/Downloads/mRustSC_work/mRustSC/.venv/lib/python3.12/site-packages/scanpy/tools/_rank_genes_groups.py:633: PerformanceWarning: DataFrame is highly fragmented.  This is usually the result of calling `frame.insert` many times, which has poor performance.  Consider joining all columns at once using pd.concat(axis=1) instead. To get a de-fragmented frame, use `newframe = frame.copy()`
  self.stats[group_name, "logfoldchanges"] = np.log2(
/Users/mac/Downloads/mRustSC_work/mRustSC/.venv/lib/python3.12/site-packages/scanpy/tools/_rank_genes_groups.py:607: PerformanceWarning: DataFrame is highly fragmented.  This is usually the result of calling `frame.insert` many times, which has poor performance.  Consider joining all columns at once using pd.concat(axis=1) instead. To get a de-fragmented frame, use `newframe = frame.copy()`
  self.stats[group_name, "names"] = self.var_names[global_indices]
  tl.rank_genes_groups            44.131 s  +     962 MB  (476030, 2000)
/Users/mac/Downloads/mRustSC_work/mRustSC/benches/pipeline.py:202: FutureWarning: `__version__` is deprecated, use `importlib.metadata.version('scanpy')` instead
  out[name] = __import__(name).__version__
/Users/mac/Downloads/mRustSC_work/mRustSC/benches/pipeline.py:202: FutureWarning: `__version__` is deprecated, use `importlib.metadata.version('anndata')` instead.
  out[name] = __import__(name).__version__
  total                          377.030 s   (38 Leiden clusters)
