scanpy (auto, tuned) on embryo_1m_counts.h5ad
  pp.calculate_qc_metrics          0.281 s  +       0 MB  (10000, 45676)
  pp.filter_cells                  0.030 s  +      42 MB  (9506, 45676)
  pp.filter_genes                  0.051 s  +       0 MB  (9506, 21946)
  pp.normalize_total               1.036 s  +      31 MB  (9506, 21946)
  pp.log1p                         0.013 s  +       0 MB  (9506, 21946)
  pp.highly_variable_genes         0.725 s  +      14 MB  (9506, 21946)
  subset                           0.023 s  +      22 MB  (9506, 2000)
/Library/Frameworks/Python.framework/Versions/3.12/lib/python3.12/functools.py:907: UserWarning: zero-centering a sparse array/matrix densifies it.
  return dispatch(args[0].__class__)(*args, **kw)
  pp.scale                         0.034 s  +     190 MB  (9506, 2000)
  pp.pca                           0.857 s  +     189 MB  (9506, 2000)
  pp.neighbors                    14.817 s  +     297 MB  (9506, 2000)
  tl.umap                          8.336 s  +       8 MB  (9506, 2000)
  tl.leiden                        0.158 s  +      27 MB  (9506, 2000)
/Users/mac/Downloads/mRustSC_work/mRustSC/.venv/lib/python3.12/site-packages/scanpy/tools/_rank_genes_groups.py:633: RuntimeWarning: invalid value encountered in log2
  self.stats[group_name, "logfoldchanges"] = np.log2(
/Users/mac/Downloads/mRustSC_work/mRustSC/.venv/lib/python3.12/site-packages/scanpy/tools/_rank_genes_groups.py:609: PerformanceWarning: DataFrame is highly fragmented.  This is usually the result of calling `frame.insert` many times, which has poor performance.  Consider joining all columns at once using pd.concat(axis=1) instead. To get a de-fragmented frame, use `newframe = frame.copy()`
  self.stats[group_name, "scores"] = scores[global_indices]
/Users/mac/Downloads/mRustSC_work/mRustSC/.venv/lib/python3.12/site-packages/scanpy/tools/_rank_genes_groups.py:612: PerformanceWarning: DataFrame is highly fragmented.  This is usually the result of calling `frame.insert` many times, which has poor performance.  Consider joining all columns at once using pd.concat(axis=1) instead. To get a de-fragmented frame, use `newframe = frame.copy()`
  self.stats[group_name, "pvals"] = pvals[global_indices]
/Users/mac/Downloads/mRustSC_work/mRustSC/.venv/lib/python3.12/site-packages/scanpy/tools/_rank_genes_groups.py:622: PerformanceWarning: DataFrame is highly fragmented.  This is usually the result of calling `frame.insert` many times, which has poor performance.  Consider joining all columns at once using pd.concat(axis=1) instead. To get a de-fragmented frame, use `newframe = frame.copy()`
  self.stats[group_name, "pvals_adj"] = pvals_adj[global_indices]
/Users/mac/Downloads/mRustSC_work/mRustSC/.venv/lib/python3.12/site-packages/scanpy/tools/_rank_genes_groups.py:633: PerformanceWarning: DataFrame is highly fragmented.  This is usually the result of calling `frame.insert` many times, which has poor performance.  Consider joining all columns at once using pd.concat(axis=1) instead. To get a de-fragmented frame, use `newframe = frame.copy()`
  self.stats[group_name, "logfoldchanges"] = np.log2(
/Users/mac/Downloads/mRustSC_work/mRustSC/.venv/lib/python3.12/site-packages/scanpy/tools/_rank_genes_groups.py:607: PerformanceWarning: DataFrame is highly fragmented.  This is usually the result of calling `frame.insert` many times, which has poor performance.  Consider joining all columns at once using pd.concat(axis=1) instead. To get a de-fragmented frame, use `newframe = frame.copy()`
  self.stats[group_name, "names"] = self.var_names[global_indices]
  tl.rank_genes_groups             0.484 s  +      77 MB  (9506, 2000)
/Users/mac/Downloads/mRustSC_work/mRustSC/benches/pipeline.py:202: FutureWarning: `__version__` is deprecated, use `importlib.metadata.version('scanpy')` instead
  out[name] = __import__(name).__version__
/Users/mac/Downloads/mRustSC_work/mRustSC/benches/pipeline.py:202: FutureWarning: `__version__` is deprecated, use `importlib.metadata.version('anndata')` instead.
  out[name] = __import__(name).__version__
  total                           26.845 s   (25 Leiden clusters)
