scanpy (auto) on bone_marrow_117k_counts.h5ad
  pp.calculate_qc_metrics          1.463 s  +    1406 MB  (117308, 25574)
  pp.filter_cells                  0.686 s  +    2632 MB  (115868, 25574)
  pp.filter_genes                  1.100 s  +    2376 MB  (115868, 25574)
  pp.normalize_total               1.180 s  +    1224 MB  (115868, 25574)
  pp.log1p                         0.343 s  +       0 MB  (115868, 25574)
  pp.highly_variable_genes         1.342 s  +    2438 MB  (115868, 25574)
  subset                           0.676 s  +    3751 MB  (115868, 2000)
/Library/Frameworks/Python.framework/Versions/3.12/lib/python3.12/functools.py:907: UserWarning: zero-centering a sparse array/matrix densifies it.
  return dispatch(args[0].__class__)(*args, **kw)
  pp.scale                         0.999 s  +    2643 MB  (115868, 2000)
  pp.pca                          13.607 s  +    5424 MB  (115868, 2000)
  pp.neighbors                    17.852 s  +      11 MB  (115868, 2000)
  tl.umap                         46.824 s  +     337 MB  (115868, 2000)
/Users/mac/Downloads/mRustSC_work/mRustSC/benches/pipeline.py:120: FutureWarning: The `igraph` implementation of leiden clustering is *orders of magnitude faster*. Set the flavor argument to (and install if needed) 'igraph' to use it.
In the future, the default backend for leiden will be igraph instead of leidenalg. To achieve the future defaults please pass: `flavor='igraph'` and `n_iterations=2`. `directed` must also be `False` to work with igraph’s implementation.
  ("tl.leiden", lambda a: lib.tl.leiden(a, random_state=0)),
  tl.leiden                      135.402 s  +     466 MB  (115868, 2000)
/Users/mac/Downloads/mRustSC_work/mRustSC/.venv/lib/python3.12/site-packages/scanpy/tools/_rank_genes_groups.py:633: RuntimeWarning: invalid value encountered in log2
  self.stats[group_name, "logfoldchanges"] = np.log2(
  tl.rank_genes_groups            11.834 s  +     272 MB  (115868, 2000)
/Users/mac/Downloads/mRustSC_work/mRustSC/benches/pipeline.py:177: FutureWarning: `__version__` is deprecated, use `importlib.metadata.version('scanpy')` instead
  out[name] = __import__(name).__version__
/Users/mac/Downloads/mRustSC_work/mRustSC/benches/pipeline.py:177: FutureWarning: `__version__` is deprecated, use `importlib.metadata.version('anndata')` instead.
  out[name] = __import__(name).__version__
  total                          233.308 s   (37 Leiden clusters)
